C:\Users\eduar\Desktop\univercity\lab1\src\main\java\com\cache\Cache.java
C:\Users\eduar\Desktop\univercity\lab1\src\main\java\com\model\ErrorResponse.java
C:\Users\eduar\Desktop\univercity\lab1\src\main\java\com\model\Id.java
C:\Users\eduar\Desktop\univercity\lab1\src\main\java\com\service1\Application.java
C:\Users\eduar\Desktop\univercity\lab1\src\main\java\com\cache\ConnectionHandler.java
C:\Users\eduar\Desktop\univercity\lab1\src\main\java\com\gateway\cache\Cache.java
C:\Users\eduar\Desktop\univercity\lab1\src\main\java\com\model\LoadResponse.java
C:\Users\eduar\Desktop\univercity\lab1\src\main\java\com\service1\endpoints\Tasks.java
C:\Users\eduar\Desktop\univercity\lab1\src\main\java\com\cache\CacheClient.java
C:\Users\eduar\Desktop\univercity\lab1\src\main\java\com\database\NosqlConnection.java
C:\Users\eduar\Desktop\univercity\lab1\src\main\java\com\service1\threads\CheckStatusThread.java
C:\Users\eduar\Desktop\univercity\lab1\src\main\java\com\database\SqlConnection.java
C:\Users\eduar\Desktop\univercity\lab1\src\main\java\com\gateway\Application.java
C:\Users\eduar\Desktop\univercity\lab1\src\main\java\com\model\DataResponse.java
C:\Users\eduar\Desktop\univercity\lab1\src\main\java\com\database\DatabaseSequence.java
C:\Users\eduar\Desktop\univercity\lab1\src\main\java\com\gateway\endpoints\Connection.java
C:\Users\eduar\Desktop\univercity\lab1\src\main\java\com\cache\Server.java
C:\Users\eduar\Desktop\univercity\lab1\src\main\java\com\database\Connection.java
C:\Users\eduar\Desktop\univercity\lab1\src\main\java\com\service1\threads\ChangeStatusThread.java
C:\Users\eduar\Desktop\univercity\lab1\src\main\java\com\model\ConnectPortRequest.java
C:\Users\eduar\Desktop\univercity\lab1\src\main\java\com\model\CreateDataRequest.java
